// Jest Snapshot v1, https://goo.gl/fbAQLP

exports[`matches the snapshot 1`] = `
<div
  className="calculator"
>
  <div
    className="display"
  >
      
  </div>
  <div
    className="keyboard"
  >
    <button
      className="key"
      onClick={[Function]}
      type="button"
    >
      AC
    </button>
    <button
      className="key"
      onClick={[Function]}
      type="button"
    >
      +/-
    </button>
    <button
      className="key"
      onClick={[Function]}
      type="button"
    >
      %
    </button>
    <button
      className="key orange"
      onClick={[Function]}
      type="button"
    >
      รท
    </button>
    <button
      className="key"
      onClick={[Function]}
      type="button"
    >
      7
    </button>
    <button
      className="key"
      onClick={[Function]}
      type="button"
    >
      8
    </button>
    <button
      className="key"
      onClick={[Function]}
      type="button"
    >
      9
    </button>
    <button
      className="key orange"
      onClick={[Function]}
      type="button"
    >
      x
    </button>
    <button
      className="key"
      onClick={[Function]}
      type="button"
    >
      4
    </button>
    <button
      className="key"
      onClick={[Function]}
      type="button"
    >
      5
    </button>
    <button
      className="key"
      onClick={[Function]}
      type="button"
    >
      6
    </button>
    <button
      className="key orange"
      onClick={[Function]}
      type="button"
    >
      -
    </button>
    <button
      className="key"
      onClick={[Function]}
      type="button"
    >
      1
    </button>
    <button
      className="key"
      onClick={[Function]}
      type="button"
    >
      2
    </button>
    <button
      className="key"
      onClick={[Function]}
      type="button"
    >
      3
    </button>
    <button
      className="key orange"
      onClick={[Function]}
      type="button"
    >
      +
    </button>
    <button
      className="key zero"
      onClick={[Function]}
      type="button"
    >
      0
    </button>
    <button
      className="key"
      onClick={[Function]}
      type="button"
    >
      .
    </button>
    <button
      className="key orange"
      onClick={[Function]}
      type="button"
    >
      =
    </button>
  </div>
</div>
`;